// Jest Snapshot v1, https://goo.gl/fbAQLP

exports[`Rockets component test Component renders/ Snapshot test 1`] = `
<div
  className="container"
>
  <div
    className="m-3 row"
  >
    <div
      className="col-sm-4"
    >
      <img
        alt="Rocket"
        src="img 0"
      />
    </div>
    <div
      className="col-sm-8"
    >
      <p
        className="h4"
      >
        Rocket 0
      </p>
      <p
        className="d-inline"
      >
        Rocket description
      </p>
      <br />
      <button
        className="mt-3 btn btn-primary btn-md"
        disabled={false}
        onClick={[Function]}
        type="button"
      >
        Reserve Rocket
      </button>
    </div>
  </div>
</div>
`;
